// Jest Snapshot v1, https://goo.gl/fbAQLP

exports[`matches snapshot 1`] = `
<DocumentFragment>
  <main>
    <div
      class="layout__accent-bar"
    />
    <h1>
      Welcome!
    </h1>
    <div>
      <a
        href="/articles"
      >
        View Articles
      </a>
    </div>
  </main>
</DocumentFragment>
`;
